[2026-05-05 18:53:34,849] multiqc                                            [DEBUG  ]  No MultiQC config found: /trinity/shared/easybuild/software/MultiQC/1.9-foss-2020a-Python-3.8.2/lib/python3.8/site-packages/multiqc_config.yaml
[2026-05-05 18:53:34,849] multiqc                                            [DEBUG  ]  No MultiQC config found: /home/alicebalard/.multiqc_config.yaml
[2026-05-05 18:53:34,849] multiqc                                            [DEBUG  ]  No MultiQC config found: multiqc_config.yaml
[2026-05-05 18:53:34,849] multiqc                                            [DEBUG  ]  Command used: /trinity/shared/easybuild/software/MultiQC/1.9-foss-2020a-Python-3.8.2/bin/multiqc /scratch/alicebalard/outData/fastqc/afterSortmerna -o /home/alicebalard/Scripts/AliceScripts/cyanochytridMET/data/multiQC/sortmeRNA
[2026-05-05 18:53:35,041] multiqc                                            [WARNING]  MultiQC Version v1.34 now available!
[2026-05-05 18:53:35,041] multiqc                                            [INFO   ]  This is MultiQC v1.9
[2026-05-05 18:53:35,042] multiqc                                            [DEBUG  ]  Command     : /trinity/shared/easybuild/software/MultiQC/1.9-foss-2020a-Python-3.8.2/bin/multiqc /scratch/alicebalard/outData/fastqc/afterSortmerna -o /home/alicebalard/Scripts/AliceScripts/cyanochytridMET/data/multiQC/sortmeRNA
[2026-05-05 18:53:35,042] multiqc                                            [DEBUG  ]  Working dir : /home/alicebalard/Scripts/AliceScripts/cyanochytridMET/scripts/Part2_DEG
[2026-05-05 18:53:35,042] multiqc                                            [INFO   ]  Template    : default
[2026-05-05 18:53:35,042] multiqc                                            [DEBUG  ]  Running Python 3.8.2 (default, Sep 14 2020, 17:39:50)  [GCC 9.3.0]
[2026-05-05 18:53:35,042] multiqc                                            [INFO   ]  Searching   : /scratch/alicebalard/outData/fastqc/afterSortmerna
[2026-05-05 18:53:35,042] multiqc                                            [DEBUG  ]  Analysing modules: custom_content, conpair, peddy, somalier, methylQA, mosdepth, phantompeakqualtools, qualimap, preseq, quast, qorts, rna_seqc, rockhopper, rsem, rseqc, busco, goleft_indexcov, disambiguate, supernova, deeptools, sargasso, verifybamid, mirtrace, happy, mirtop, homer, macs2, theta2, snpeff, gatk, htseq, bcftools, featureCounts, fgbio, dragen, dedup, damageprofiler, biobambam2, mtnucratio, picard, prokka, samblaster, samtools, sexdeterrmine, bamtools, jellyfish, vcftools, longranger, stacks, varscan2, bbmap, bismark, biscuit, hicexplorer, hicup, hicpro, salmon, kallisto, slamdunk, star, hisat2, tophat, bowtie2, bowtie1, snpsplit, kat, leehom, adapterRemoval, clipandmerge, cutadapt, flexbar, kaiju, kraken, malt, trimmomatic, sickle, skewer, sortmerna, biobloomtools, fastq_screen, afterqc, fastp, fastqc, pycoqc, minionqc, multivcfanalyzer, clusterflow, bcl2fastq, interop, ivar, flash, seqyclean
[2026-05-05 18:53:35,043] multiqc                                            [DEBUG  ]  Using temporary directory for creating report: /localscratch/tmp/alicebalard/tmp.25609911.0/tmpjw5y06yp
[2026-05-05 18:53:35,310] multiqc                                            [DEBUG  ]  File ignored by hicexplorer because it exceeded search pattern filesize limit: C9_non_rRNA_fwd_fastqc.html
[2026-05-05 18:53:35,315] multiqc                                            [DEBUG  ]  File ignored by longranger/invocation because it exceeded search pattern filesize limit: C9_non_rRNA_fwd_fastqc.html
[2026-05-05 18:53:35,315] multiqc                                            [DEBUG  ]  File ignored by rockhopper because it exceeded search pattern filesize limit: C9_non_rRNA_fwd_fastqc.html
[2026-05-05 18:53:35,315] multiqc                                            [DEBUG  ]  File ignored by rseqc/bam_stat because it exceeded search pattern filesize limit: C9_non_rRNA_fwd_fastqc.html
[2026-05-05 18:53:35,315] multiqc                                            [DEBUG  ]  File ignored by rseqc/junction_annotation because it exceeded search pattern filesize limit: C9_non_rRNA_fwd_fastqc.html
[2026-05-05 18:53:35,315] multiqc                                            [DEBUG  ]  File ignored by rseqc/read_distribution because it exceeded search pattern filesize limit: C9_non_rRNA_fwd_fastqc.html
[2026-05-05 18:53:35,316] multiqc                                            [DEBUG  ]  File ignored by rseqc/infer_experiment because it exceeded search pattern filesize limit: C9_non_rRNA_fwd_fastqc.html
[2026-05-05 18:53:35,467] multiqc                                            [DEBUG  ]  File ignored by hicexplorer because it exceeded search pattern filesize limit: C8_non_rRNA_fwd_fastqc.html
[2026-05-05 18:53:35,471] multiqc                                            [DEBUG  ]  File ignored by longranger/invocation because it exceeded search pattern filesize limit: C8_non_rRNA_fwd_fastqc.html
[2026-05-05 18:53:35,471] multiqc                                            [DEBUG  ]  File ignored by rockhopper because it exceeded search pattern filesize limit: C8_non_rRNA_fwd_fastqc.html
[2026-05-05 18:53:35,471] multiqc                                            [DEBUG  ]  File ignored by rseqc/bam_stat because it exceeded search pattern filesize limit: C8_non_rRNA_fwd_fastqc.html
[2026-05-05 18:53:35,471] multiqc                                            [DEBUG  ]  File ignored by rseqc/junction_annotation because it exceeded search pattern filesize limit: C8_non_rRNA_fwd_fastqc.html
[2026-05-05 18:53:35,471] multiqc                                            [DEBUG  ]  File ignored by rseqc/read_distribution because it exceeded search pattern filesize limit: C8_non_rRNA_fwd_fastqc.html
[2026-05-05 18:53:35,471] multiqc                                            [DEBUG  ]  File ignored by rseqc/infer_experiment because it exceeded search pattern filesize limit: C8_non_rRNA_fwd_fastqc.html
[2026-05-05 18:53:35,648] multiqc                                            [DEBUG  ]  File ignored by hicexplorer because it exceeded search pattern filesize limit: In8_non_rRNA_fwd_fastqc.html
[2026-05-05 18:53:35,651] multiqc                                            [DEBUG  ]  File ignored by longranger/invocation because it exceeded search pattern filesize limit: In8_non_rRNA_fwd_fastqc.html
[2026-05-05 18:53:35,651] multiqc                                            [DEBUG  ]  File ignored by rockhopper because it exceeded search pattern filesize limit: In8_non_rRNA_fwd_fastqc.html
[2026-05-05 18:53:35,651] multiqc                                            [DEBUG  ]  File ignored by rseqc/bam_stat because it exceeded search pattern filesize limit: In8_non_rRNA_fwd_fastqc.html
[2026-05-05 18:53:35,651] multiqc                                            [DEBUG  ]  File ignored by rseqc/junction_annotation because it exceeded search pattern filesize limit: In8_non_rRNA_fwd_fastqc.html
[2026-05-05 18:53:35,651] multiqc                                            [DEBUG  ]  File ignored by rseqc/read_distribution because it exceeded search pattern filesize limit: In8_non_rRNA_fwd_fastqc.html
[2026-05-05 18:53:35,651] multiqc                                            [DEBUG  ]  File ignored by rseqc/infer_experiment because it exceeded search pattern filesize limit: In8_non_rRNA_fwd_fastqc.html
[2026-05-05 18:53:35,774] multiqc                                            [DEBUG  ]  File ignored by hicexplorer because it exceeded search pattern filesize limit: In9_non_rRNA_fwd_fastqc.html
[2026-05-05 18:53:35,777] multiqc                                            [DEBUG  ]  File ignored by longranger/invocation because it exceeded search pattern filesize limit: In9_non_rRNA_fwd_fastqc.html
[2026-05-05 18:53:35,777] multiqc                                            [DEBUG  ]  File ignored by rockhopper because it exceeded search pattern filesize limit: In9_non_rRNA_fwd_fastqc.html
[2026-05-05 18:53:35,777] multiqc                                            [DEBUG  ]  File ignored by rseqc/bam_stat because it exceeded search pattern filesize limit: In9_non_rRNA_fwd_fastqc.html
[2026-05-05 18:53:35,777] multiqc                                            [DEBUG  ]  File ignored by rseqc/junction_annotation because it exceeded search pattern filesize limit: In9_non_rRNA_fwd_fastqc.html
[2026-05-05 18:53:35,777] multiqc                                            [DEBUG  ]  File ignored by rseqc/read_distribution because it exceeded search pattern filesize limit: In9_non_rRNA_fwd_fastqc.html
[2026-05-05 18:53:35,777] multiqc                                            [DEBUG  ]  File ignored by rseqc/infer_experiment because it exceeded search pattern filesize limit: In9_non_rRNA_fwd_fastqc.html
[2026-05-05 18:53:35,917] multiqc                                            [DEBUG  ]  File ignored by hicexplorer because it exceeded search pattern filesize limit: Z9_non_rRNA_fwd_fastqc.html
[2026-05-05 18:53:35,920] multiqc                                            [DEBUG  ]  File ignored by longranger/invocation because it exceeded search pattern filesize limit: Z9_non_rRNA_fwd_fastqc.html
[2026-05-05 18:53:35,920] multiqc                                            [DEBUG  ]  File ignored by rockhopper because it exceeded search pattern filesize limit: Z9_non_rRNA_fwd_fastqc.html
[2026-05-05 18:53:35,920] multiqc                                            [DEBUG  ]  File ignored by rseqc/bam_stat because it exceeded search pattern filesize limit: Z9_non_rRNA_fwd_fastqc.html
[2026-05-05 18:53:35,921] multiqc                                            [DEBUG  ]  File ignored by rseqc/junction_annotation because it exceeded search pattern filesize limit: Z9_non_rRNA_fwd_fastqc.html
[2026-05-05 18:53:35,921] multiqc                                            [DEBUG  ]  File ignored by rseqc/read_distribution because it exceeded search pattern filesize limit: Z9_non_rRNA_fwd_fastqc.html
[2026-05-05 18:53:35,921] multiqc                                            [DEBUG  ]  File ignored by rseqc/infer_experiment because it exceeded search pattern filesize limit: Z9_non_rRNA_fwd_fastqc.html
[2026-05-05 18:53:36,094] multiqc                                            [DEBUG  ]  File ignored by hicexplorer because it exceeded search pattern filesize limit: Z8_non_rRNA_fwd_fastqc.html
[2026-05-05 18:53:36,097] multiqc                                            [DEBUG  ]  File ignored by longranger/invocation because it exceeded search pattern filesize limit: Z8_non_rRNA_fwd_fastqc.html
[2026-05-05 18:53:36,098] multiqc                                            [DEBUG  ]  File ignored by rockhopper because it exceeded search pattern filesize limit: Z8_non_rRNA_fwd_fastqc.html
[2026-05-05 18:53:36,098] multiqc                                            [DEBUG  ]  File ignored by rseqc/bam_stat because it exceeded search pattern filesize limit: Z8_non_rRNA_fwd_fastqc.html
[2026-05-05 18:53:36,098] multiqc                                            [DEBUG  ]  File ignored by rseqc/junction_annotation because it exceeded search pattern filesize limit: Z8_non_rRNA_fwd_fastqc.html
[2026-05-05 18:53:36,098] multiqc                                            [DEBUG  ]  File ignored by rseqc/read_distribution because it exceeded search pattern filesize limit: Z8_non_rRNA_fwd_fastqc.html
[2026-05-05 18:53:36,098] multiqc                                            [DEBUG  ]  File ignored by rseqc/infer_experiment because it exceeded search pattern filesize limit: Z8_non_rRNA_fwd_fastqc.html
[2026-05-05 18:53:36,335] multiqc                                            [DEBUG  ]  File ignored by hicexplorer because it exceeded search pattern filesize limit: C5_non_rRNA_fwd_fastqc.html
[2026-05-05 18:53:36,338] multiqc                                            [DEBUG  ]  File ignored by longranger/invocation because it exceeded search pattern filesize limit: C5_non_rRNA_fwd_fastqc.html
[2026-05-05 18:53:36,338] multiqc                                            [DEBUG  ]  File ignored by rockhopper because it exceeded search pattern filesize limit: C5_non_rRNA_fwd_fastqc.html
[2026-05-05 18:53:36,338] multiqc                                            [DEBUG  ]  File ignored by rseqc/bam_stat because it exceeded search pattern filesize limit: C5_non_rRNA_fwd_fastqc.html
[2026-05-05 18:53:36,338] multiqc                                            [DEBUG  ]  File ignored by rseqc/junction_annotation because it exceeded search pattern filesize limit: C5_non_rRNA_fwd_fastqc.html
[2026-05-05 18:53:36,338] multiqc                                            [DEBUG  ]  File ignored by rseqc/read_distribution because it exceeded search pattern filesize limit: C5_non_rRNA_fwd_fastqc.html
[2026-05-05 18:53:36,338] multiqc                                            [DEBUG  ]  File ignored by rseqc/infer_experiment because it exceeded search pattern filesize limit: C5_non_rRNA_fwd_fastqc.html
[2026-05-05 18:53:36,466] multiqc                                            [DEBUG  ]  File ignored by hicexplorer because it exceeded search pattern filesize limit: Z2_non_rRNA_fwd_fastqc.html
[2026-05-05 18:53:36,468] multiqc                                            [DEBUG  ]  File ignored by longranger/invocation because it exceeded search pattern filesize limit: Z2_non_rRNA_fwd_fastqc.html
[2026-05-05 18:53:36,468] multiqc                                            [DEBUG  ]  File ignored by rockhopper because it exceeded search pattern filesize limit: Z2_non_rRNA_fwd_fastqc.html
[2026-05-05 18:53:36,468] multiqc                                            [DEBUG  ]  File ignored by rseqc/bam_stat because it exceeded search pattern filesize limit: Z2_non_rRNA_fwd_fastqc.html
[2026-05-05 18:53:36,468] multiqc                                            [DEBUG  ]  File ignored by rseqc/junction_annotation because it exceeded search pattern filesize limit: Z2_non_rRNA_fwd_fastqc.html
[2026-05-05 18:53:36,468] multiqc                                            [DEBUG  ]  File ignored by rseqc/read_distribution because it exceeded search pattern filesize limit: Z2_non_rRNA_fwd_fastqc.html
[2026-05-05 18:53:36,468] multiqc                                            [DEBUG  ]  File ignored by rseqc/infer_experiment because it exceeded search pattern filesize limit: Z2_non_rRNA_fwd_fastqc.html
[2026-05-05 18:53:36,630] multiqc                                            [DEBUG  ]  File ignored by hicexplorer because it exceeded search pattern filesize limit: Z3_non_rRNA_fwd_fastqc.html
[2026-05-05 18:53:36,633] multiqc                                            [DEBUG  ]  File ignored by longranger/invocation because it exceeded search pattern filesize limit: Z3_non_rRNA_fwd_fastqc.html
[2026-05-05 18:53:36,633] multiqc                                            [DEBUG  ]  File ignored by rockhopper because it exceeded search pattern filesize limit: Z3_non_rRNA_fwd_fastqc.html
[2026-05-05 18:53:36,633] multiqc                                            [DEBUG  ]  File ignored by rseqc/bam_stat because it exceeded search pattern filesize limit: Z3_non_rRNA_fwd_fastqc.html
[2026-05-05 18:53:36,633] multiqc                                            [DEBUG  ]  File ignored by rseqc/junction_annotation because it exceeded search pattern filesize limit: Z3_non_rRNA_fwd_fastqc.html
[2026-05-05 18:53:36,633] multiqc                                            [DEBUG  ]  File ignored by rseqc/read_distribution because it exceeded search pattern filesize limit: Z3_non_rRNA_fwd_fastqc.html
[2026-05-05 18:53:36,633] multiqc                                            [DEBUG  ]  File ignored by rseqc/infer_experiment because it exceeded search pattern filesize limit: Z3_non_rRNA_fwd_fastqc.html
[2026-05-05 18:53:36,766] multiqc                                            [DEBUG  ]  File ignored by hicexplorer because it exceeded search pattern filesize limit: C4_non_rRNA_fwd_fastqc.html
[2026-05-05 18:53:36,769] multiqc                                            [DEBUG  ]  File ignored by longranger/invocation because it exceeded search pattern filesize limit: C4_non_rRNA_fwd_fastqc.html
[2026-05-05 18:53:36,769] multiqc                                            [DEBUG  ]  File ignored by rockhopper because it exceeded search pattern filesize limit: C4_non_rRNA_fwd_fastqc.html
[2026-05-05 18:53:36,769] multiqc                                            [DEBUG  ]  File ignored by rseqc/bam_stat because it exceeded search pattern filesize limit: C4_non_rRNA_fwd_fastqc.html
[2026-05-05 18:53:36,769] multiqc                                            [DEBUG  ]  File ignored by rseqc/junction_annotation because it exceeded search pattern filesize limit: C4_non_rRNA_fwd_fastqc.html
[2026-05-05 18:53:36,769] multiqc                                            [DEBUG  ]  File ignored by rseqc/read_distribution because it exceeded search pattern filesize limit: C4_non_rRNA_fwd_fastqc.html
[2026-05-05 18:53:36,769] multiqc                                            [DEBUG  ]  File ignored by rseqc/infer_experiment because it exceeded search pattern filesize limit: C4_non_rRNA_fwd_fastqc.html
[2026-05-05 18:53:36,897] multiqc                                            [DEBUG  ]  File ignored by hicexplorer because it exceeded search pattern filesize limit: In1_non_rRNA_fwd_fastqc.html
[2026-05-05 18:53:36,900] multiqc                                            [DEBUG  ]  File ignored by longranger/invocation because it exceeded search pattern filesize limit: In1_non_rRNA_fwd_fastqc.html
[2026-05-05 18:53:36,900] multiqc                                            [DEBUG  ]  File ignored by rockhopper because it exceeded search pattern filesize limit: In1_non_rRNA_fwd_fastqc.html
[2026-05-05 18:53:36,900] multiqc                                            [DEBUG  ]  File ignored by rseqc/bam_stat because it exceeded search pattern filesize limit: In1_non_rRNA_fwd_fastqc.html
[2026-05-05 18:53:36,900] multiqc                                            [DEBUG  ]  File ignored by rseqc/junction_annotation because it exceeded search pattern filesize limit: In1_non_rRNA_fwd_fastqc.html
[2026-05-05 18:53:36,900] multiqc                                            [DEBUG  ]  File ignored by rseqc/read_distribution because it exceeded search pattern filesize limit: In1_non_rRNA_fwd_fastqc.html
[2026-05-05 18:53:36,900] multiqc                                            [DEBUG  ]  File ignored by rseqc/infer_experiment because it exceeded search pattern filesize limit: In1_non_rRNA_fwd_fastqc.html
[2026-05-05 18:53:37,025] multiqc                                            [DEBUG  ]  File ignored by hicexplorer because it exceeded search pattern filesize limit: Z1_non_rRNA_fwd_fastqc.html
[2026-05-05 18:53:37,028] multiqc                                            [DEBUG  ]  File ignored by longranger/invocation because it exceeded search pattern filesize limit: Z1_non_rRNA_fwd_fastqc.html
[2026-05-05 18:53:37,028] multiqc                                            [DEBUG  ]  File ignored by rockhopper because it exceeded search pattern filesize limit: Z1_non_rRNA_fwd_fastqc.html
[2026-05-05 18:53:37,028] multiqc                                            [DEBUG  ]  File ignored by rseqc/bam_stat because it exceeded search pattern filesize limit: Z1_non_rRNA_fwd_fastqc.html
[2026-05-05 18:53:37,028] multiqc                                            [DEBUG  ]  File ignored by rseqc/junction_annotation because it exceeded search pattern filesize limit: Z1_non_rRNA_fwd_fastqc.html
[2026-05-05 18:53:37,028] multiqc                                            [DEBUG  ]  File ignored by rseqc/read_distribution because it exceeded search pattern filesize limit: Z1_non_rRNA_fwd_fastqc.html
[2026-05-05 18:53:37,028] multiqc                                            [DEBUG  ]  File ignored by rseqc/infer_experiment because it exceeded search pattern filesize limit: Z1_non_rRNA_fwd_fastqc.html
[2026-05-05 18:53:37,160] multiqc                                            [DEBUG  ]  File ignored by hicexplorer because it exceeded search pattern filesize limit: C6_non_rRNA_fwd_fastqc.html
[2026-05-05 18:53:37,164] multiqc                                            [DEBUG  ]  File ignored by longranger/invocation because it exceeded search pattern filesize limit: C6_non_rRNA_fwd_fastqc.html
[2026-05-05 18:53:37,164] multiqc                                            [DEBUG  ]  File ignored by rockhopper because it exceeded search pattern filesize limit: C6_non_rRNA_fwd_fastqc.html
[2026-05-05 18:53:37,164] multiqc                                            [DEBUG  ]  File ignored by rseqc/bam_stat because it exceeded search pattern filesize limit: C6_non_rRNA_fwd_fastqc.html
[2026-05-05 18:53:37,164] multiqc                                            [DEBUG  ]  File ignored by rseqc/junction_annotation because it exceeded search pattern filesize limit: C6_non_rRNA_fwd_fastqc.html
[2026-05-05 18:53:37,164] multiqc                                            [DEBUG  ]  File ignored by rseqc/read_distribution because it exceeded search pattern filesize limit: C6_non_rRNA_fwd_fastqc.html
[2026-05-05 18:53:37,164] multiqc                                            [DEBUG  ]  File ignored by rseqc/infer_experiment because it exceeded search pattern filesize limit: C6_non_rRNA_fwd_fastqc.html
[2026-05-05 18:53:37,858] multiqc                                            [DEBUG  ]  File ignored by hicexplorer because it exceeded search pattern filesize limit: In3_non_rRNA_fwd_fastqc.html
[2026-05-05 18:53:37,861] multiqc                                            [DEBUG  ]  File ignored by longranger/invocation because it exceeded search pattern filesize limit: In3_non_rRNA_fwd_fastqc.html
[2026-05-05 18:53:37,861] multiqc                                            [DEBUG  ]  File ignored by rockhopper because it exceeded search pattern filesize limit: In3_non_rRNA_fwd_fastqc.html
[2026-05-05 18:53:37,862] multiqc                                            [DEBUG  ]  File ignored by rseqc/bam_stat because it exceeded search pattern filesize limit: In3_non_rRNA_fwd_fastqc.html
[2026-05-05 18:53:37,862] multiqc                                            [DEBUG  ]  File ignored by rseqc/junction_annotation because it exceeded search pattern filesize limit: In3_non_rRNA_fwd_fastqc.html
[2026-05-05 18:53:37,862] multiqc                                            [DEBUG  ]  File ignored by rseqc/read_distribution because it exceeded search pattern filesize limit: In3_non_rRNA_fwd_fastqc.html
[2026-05-05 18:53:37,862] multiqc                                            [DEBUG  ]  File ignored by rseqc/infer_experiment because it exceeded search pattern filesize limit: In3_non_rRNA_fwd_fastqc.html
[2026-05-05 18:53:38,031] multiqc                                            [DEBUG  ]  File ignored by hicexplorer because it exceeded search pattern filesize limit: C7_non_rRNA_fwd_fastqc.html
[2026-05-05 18:53:38,034] multiqc                                            [DEBUG  ]  File ignored by longranger/invocation because it exceeded search pattern filesize limit: C7_non_rRNA_fwd_fastqc.html
[2026-05-05 18:53:38,034] multiqc                                            [DEBUG  ]  File ignored by rockhopper because it exceeded search pattern filesize limit: C7_non_rRNA_fwd_fastqc.html
[2026-05-05 18:53:38,034] multiqc                                            [DEBUG  ]  File ignored by rseqc/bam_stat because it exceeded search pattern filesize limit: C7_non_rRNA_fwd_fastqc.html
[2026-05-05 18:53:38,034] multiqc                                            [DEBUG  ]  File ignored by rseqc/junction_annotation because it exceeded search pattern filesize limit: C7_non_rRNA_fwd_fastqc.html
[2026-05-05 18:53:38,034] multiqc                                            [DEBUG  ]  File ignored by rseqc/read_distribution because it exceeded search pattern filesize limit: C7_non_rRNA_fwd_fastqc.html
[2026-05-05 18:53:38,035] multiqc                                            [DEBUG  ]  File ignored by rseqc/infer_experiment because it exceeded search pattern filesize limit: C7_non_rRNA_fwd_fastqc.html
[2026-05-05 18:53:38,180] multiqc                                            [DEBUG  ]  File ignored by hicexplorer because it exceeded search pattern filesize limit: In2_non_rRNA_fwd_fastqc.html
[2026-05-05 18:53:38,183] multiqc                                            [DEBUG  ]  File ignored by longranger/invocation because it exceeded search pattern filesize limit: In2_non_rRNA_fwd_fastqc.html
[2026-05-05 18:53:38,183] multiqc                                            [DEBUG  ]  File ignored by rockhopper because it exceeded search pattern filesize limit: In2_non_rRNA_fwd_fastqc.html
[2026-05-05 18:53:38,183] multiqc                                            [DEBUG  ]  File ignored by rseqc/bam_stat because it exceeded search pattern filesize limit: In2_non_rRNA_fwd_fastqc.html
[2026-05-05 18:53:38,183] multiqc                                            [DEBUG  ]  File ignored by rseqc/junction_annotation because it exceeded search pattern filesize limit: In2_non_rRNA_fwd_fastqc.html
[2026-05-05 18:53:38,184] multiqc                                            [DEBUG  ]  File ignored by rseqc/read_distribution because it exceeded search pattern filesize limit: In2_non_rRNA_fwd_fastqc.html
[2026-05-05 18:53:38,184] multiqc                                            [DEBUG  ]  File ignored by rseqc/infer_experiment because it exceeded search pattern filesize limit: In2_non_rRNA_fwd_fastqc.html
[2026-05-05 18:53:38,659] multiqc                                            [DEBUG  ]  File ignored by hicexplorer because it exceeded search pattern filesize limit: Z5_non_rRNA_fwd_fastqc.html
[2026-05-05 18:53:38,662] multiqc                                            [DEBUG  ]  File ignored by longranger/invocation because it exceeded search pattern filesize limit: Z5_non_rRNA_fwd_fastqc.html
[2026-05-05 18:53:38,662] multiqc                                            [DEBUG  ]  File ignored by rockhopper because it exceeded search pattern filesize limit: Z5_non_rRNA_fwd_fastqc.html
[2026-05-05 18:53:38,663] multiqc                                            [DEBUG  ]  File ignored by rseqc/bam_stat because it exceeded search pattern filesize limit: Z5_non_rRNA_fwd_fastqc.html
[2026-05-05 18:53:38,663] multiqc                                            [DEBUG  ]  File ignored by rseqc/junction_annotation because it exceeded search pattern filesize limit: Z5_non_rRNA_fwd_fastqc.html
[2026-05-05 18:53:38,663] multiqc                                            [DEBUG  ]  File ignored by rseqc/read_distribution because it exceeded search pattern filesize limit: Z5_non_rRNA_fwd_fastqc.html
[2026-05-05 18:53:38,663] multiqc                                            [DEBUG  ]  File ignored by rseqc/infer_experiment because it exceeded search pattern filesize limit: Z5_non_rRNA_fwd_fastqc.html
[2026-05-05 18:53:38,861] multiqc                                            [DEBUG  ]  File ignored by hicexplorer because it exceeded search pattern filesize limit: C2_non_rRNA_fwd_fastqc.html
[2026-05-05 18:53:38,864] multiqc                                            [DEBUG  ]  File ignored by longranger/invocation because it exceeded search pattern filesize limit: C2_non_rRNA_fwd_fastqc.html
[2026-05-05 18:53:38,865] multiqc                                            [DEBUG  ]  File ignored by rockhopper because it exceeded search pattern filesize limit: C2_non_rRNA_fwd_fastqc.html
[2026-05-05 18:53:38,865] multiqc                                            [DEBUG  ]  File ignored by rseqc/bam_stat because it exceeded search pattern filesize limit: C2_non_rRNA_fwd_fastqc.html
[2026-05-05 18:53:38,865] multiqc                                            [DEBUG  ]  File ignored by rseqc/junction_annotation because it exceeded search pattern filesize limit: C2_non_rRNA_fwd_fastqc.html
[2026-05-05 18:53:38,865] multiqc                                            [DEBUG  ]  File ignored by rseqc/read_distribution because it exceeded search pattern filesize limit: C2_non_rRNA_fwd_fastqc.html
[2026-05-05 18:53:38,865] multiqc                                            [DEBUG  ]  File ignored by rseqc/infer_experiment because it exceeded search pattern filesize limit: C2_non_rRNA_fwd_fastqc.html
[2026-05-05 18:53:39,035] multiqc                                            [DEBUG  ]  File ignored by hicexplorer because it exceeded search pattern filesize limit: In7_non_rRNA_fwd_fastqc.html
[2026-05-05 18:53:39,038] multiqc                                            [DEBUG  ]  File ignored by longranger/invocation because it exceeded search pattern filesize limit: In7_non_rRNA_fwd_fastqc.html
[2026-05-05 18:53:39,038] multiqc                                            [DEBUG  ]  File ignored by rockhopper because it exceeded search pattern filesize limit: In7_non_rRNA_fwd_fastqc.html
[2026-05-05 18:53:39,038] multiqc                                            [DEBUG  ]  File ignored by rseqc/bam_stat because it exceeded search pattern filesize limit: In7_non_rRNA_fwd_fastqc.html
[2026-05-05 18:53:39,038] multiqc                                            [DEBUG  ]  File ignored by rseqc/junction_annotation because it exceeded search pattern filesize limit: In7_non_rRNA_fwd_fastqc.html
[2026-05-05 18:53:39,038] multiqc                                            [DEBUG  ]  File ignored by rseqc/read_distribution because it exceeded search pattern filesize limit: In7_non_rRNA_fwd_fastqc.html
[2026-05-05 18:53:39,038] multiqc                                            [DEBUG  ]  File ignored by rseqc/infer_experiment because it exceeded search pattern filesize limit: In7_non_rRNA_fwd_fastqc.html
[2026-05-05 18:53:39,166] multiqc                                            [DEBUG  ]  File ignored by hicexplorer because it exceeded search pattern filesize limit: C3_non_rRNA_fwd_fastqc.html
[2026-05-05 18:53:39,169] multiqc                                            [DEBUG  ]  File ignored by longranger/invocation because it exceeded search pattern filesize limit: C3_non_rRNA_fwd_fastqc.html
[2026-05-05 18:53:39,169] multiqc                                            [DEBUG  ]  File ignored by rockhopper because it exceeded search pattern filesize limit: C3_non_rRNA_fwd_fastqc.html
[2026-05-05 18:53:39,169] multiqc                                            [DEBUG  ]  File ignored by rseqc/bam_stat because it exceeded search pattern filesize limit: C3_non_rRNA_fwd_fastqc.html
[2026-05-05 18:53:39,169] multiqc                                            [DEBUG  ]  File ignored by rseqc/junction_annotation because it exceeded search pattern filesize limit: C3_non_rRNA_fwd_fastqc.html
[2026-05-05 18:53:39,169] multiqc                                            [DEBUG  ]  File ignored by rseqc/read_distribution because it exceeded search pattern filesize limit: C3_non_rRNA_fwd_fastqc.html
[2026-05-05 18:53:39,169] multiqc                                            [DEBUG  ]  File ignored by rseqc/infer_experiment because it exceeded search pattern filesize limit: C3_non_rRNA_fwd_fastqc.html
[2026-05-05 18:53:39,328] multiqc                                            [DEBUG  ]  File ignored by hicexplorer because it exceeded search pattern filesize limit: In6_non_rRNA_fwd_fastqc.html
[2026-05-05 18:53:39,331] multiqc                                            [DEBUG  ]  File ignored by longranger/invocation because it exceeded search pattern filesize limit: In6_non_rRNA_fwd_fastqc.html
[2026-05-05 18:53:39,332] multiqc                                            [DEBUG  ]  File ignored by rockhopper because it exceeded search pattern filesize limit: In6_non_rRNA_fwd_fastqc.html
[2026-05-05 18:53:39,332] multiqc                                            [DEBUG  ]  File ignored by rseqc/bam_stat because it exceeded search pattern filesize limit: In6_non_rRNA_fwd_fastqc.html
[2026-05-05 18:53:39,332] multiqc                                            [DEBUG  ]  File ignored by rseqc/junction_annotation because it exceeded search pattern filesize limit: In6_non_rRNA_fwd_fastqc.html
[2026-05-05 18:53:39,332] multiqc                                            [DEBUG  ]  File ignored by rseqc/read_distribution because it exceeded search pattern filesize limit: In6_non_rRNA_fwd_fastqc.html
[2026-05-05 18:53:39,332] multiqc                                            [DEBUG  ]  File ignored by rseqc/infer_experiment because it exceeded search pattern filesize limit: In6_non_rRNA_fwd_fastqc.html
[2026-05-05 18:53:39,675] multiqc                                            [DEBUG  ]  File ignored by hicexplorer because it exceeded search pattern filesize limit: Z4_non_rRNA_fwd_fastqc.html
[2026-05-05 18:53:39,678] multiqc                                            [DEBUG  ]  File ignored by longranger/invocation because it exceeded search pattern filesize limit: Z4_non_rRNA_fwd_fastqc.html
[2026-05-05 18:53:39,678] multiqc                                            [DEBUG  ]  File ignored by rockhopper because it exceeded search pattern filesize limit: Z4_non_rRNA_fwd_fastqc.html
[2026-05-05 18:53:39,678] multiqc                                            [DEBUG  ]  File ignored by rseqc/bam_stat because it exceeded search pattern filesize limit: Z4_non_rRNA_fwd_fastqc.html
[2026-05-05 18:53:39,678] multiqc                                            [DEBUG  ]  File ignored by rseqc/junction_annotation because it exceeded search pattern filesize limit: Z4_non_rRNA_fwd_fastqc.html
[2026-05-05 18:53:39,678] multiqc                                            [DEBUG  ]  File ignored by rseqc/read_distribution because it exceeded search pattern filesize limit: Z4_non_rRNA_fwd_fastqc.html
[2026-05-05 18:53:39,678] multiqc                                            [DEBUG  ]  File ignored by rseqc/infer_experiment because it exceeded search pattern filesize limit: Z4_non_rRNA_fwd_fastqc.html
[2026-05-05 18:53:39,904] multiqc                                            [DEBUG  ]  File ignored by hicexplorer because it exceeded search pattern filesize limit: C1_non_rRNA_fwd_fastqc.html
[2026-05-05 18:53:39,907] multiqc                                            [DEBUG  ]  File ignored by longranger/invocation because it exceeded search pattern filesize limit: C1_non_rRNA_fwd_fastqc.html
[2026-05-05 18:53:39,907] multiqc                                            [DEBUG  ]  File ignored by rockhopper because it exceeded search pattern filesize limit: C1_non_rRNA_fwd_fastqc.html
[2026-05-05 18:53:39,907] multiqc                                            [DEBUG  ]  File ignored by rseqc/bam_stat because it exceeded search pattern filesize limit: C1_non_rRNA_fwd_fastqc.html
[2026-05-05 18:53:39,907] multiqc                                            [DEBUG  ]  File ignored by rseqc/junction_annotation because it exceeded search pattern filesize limit: C1_non_rRNA_fwd_fastqc.html
[2026-05-05 18:53:39,907] multiqc                                            [DEBUG  ]  File ignored by rseqc/read_distribution because it exceeded search pattern filesize limit: C1_non_rRNA_fwd_fastqc.html
[2026-05-05 18:53:39,907] multiqc                                            [DEBUG  ]  File ignored by rseqc/infer_experiment because it exceeded search pattern filesize limit: C1_non_rRNA_fwd_fastqc.html
[2026-05-05 18:53:40,036] multiqc                                            [DEBUG  ]  File ignored by hicexplorer because it exceeded search pattern filesize limit: In4_non_rRNA_fwd_fastqc.html
[2026-05-05 18:53:40,039] multiqc                                            [DEBUG  ]  File ignored by longranger/invocation because it exceeded search pattern filesize limit: In4_non_rRNA_fwd_fastqc.html
[2026-05-05 18:53:40,040] multiqc                                            [DEBUG  ]  File ignored by rockhopper because it exceeded search pattern filesize limit: In4_non_rRNA_fwd_fastqc.html
[2026-05-05 18:53:40,040] multiqc                                            [DEBUG  ]  File ignored by rseqc/bam_stat because it exceeded search pattern filesize limit: In4_non_rRNA_fwd_fastqc.html
[2026-05-05 18:53:40,040] multiqc                                            [DEBUG  ]  File ignored by rseqc/junction_annotation because it exceeded search pattern filesize limit: In4_non_rRNA_fwd_fastqc.html
[2026-05-05 18:53:40,040] multiqc                                            [DEBUG  ]  File ignored by rseqc/read_distribution because it exceeded search pattern filesize limit: In4_non_rRNA_fwd_fastqc.html
[2026-05-05 18:53:40,040] multiqc                                            [DEBUG  ]  File ignored by rseqc/infer_experiment because it exceeded search pattern filesize limit: In4_non_rRNA_fwd_fastqc.html
[2026-05-05 18:53:40,266] multiqc                                            [DEBUG  ]  File ignored by hicexplorer because it exceeded search pattern filesize limit: Z6_non_rRNA_fwd_fastqc.html
[2026-05-05 18:53:40,269] multiqc                                            [DEBUG  ]  File ignored by longranger/invocation because it exceeded search pattern filesize limit: Z6_non_rRNA_fwd_fastqc.html
[2026-05-05 18:53:40,269] multiqc                                            [DEBUG  ]  File ignored by rockhopper because it exceeded search pattern filesize limit: Z6_non_rRNA_fwd_fastqc.html
[2026-05-05 18:53:40,269] multiqc                                            [DEBUG  ]  File ignored by rseqc/bam_stat because it exceeded search pattern filesize limit: Z6_non_rRNA_fwd_fastqc.html
[2026-05-05 18:53:40,269] multiqc                                            [DEBUG  ]  File ignored by rseqc/junction_annotation because it exceeded search pattern filesize limit: Z6_non_rRNA_fwd_fastqc.html
[2026-05-05 18:53:40,269] multiqc                                            [DEBUG  ]  File ignored by rseqc/read_distribution because it exceeded search pattern filesize limit: Z6_non_rRNA_fwd_fastqc.html
[2026-05-05 18:53:40,269] multiqc                                            [DEBUG  ]  File ignored by rseqc/infer_experiment because it exceeded search pattern filesize limit: Z6_non_rRNA_fwd_fastqc.html
[2026-05-05 18:53:40,512] multiqc                                            [DEBUG  ]  File ignored by hicexplorer because it exceeded search pattern filesize limit: Z7_non_rRNA_fwd_fastqc.html
[2026-05-05 18:53:40,515] multiqc                                            [DEBUG  ]  File ignored by longranger/invocation because it exceeded search pattern filesize limit: Z7_non_rRNA_fwd_fastqc.html
[2026-05-05 18:53:40,516] multiqc                                            [DEBUG  ]  File ignored by rockhopper because it exceeded search pattern filesize limit: Z7_non_rRNA_fwd_fastqc.html
[2026-05-05 18:53:40,516] multiqc                                            [DEBUG  ]  File ignored by rseqc/bam_stat because it exceeded search pattern filesize limit: Z7_non_rRNA_fwd_fastqc.html
[2026-05-05 18:53:40,516] multiqc                                            [DEBUG  ]  File ignored by rseqc/junction_annotation because it exceeded search pattern filesize limit: Z7_non_rRNA_fwd_fastqc.html
[2026-05-05 18:53:40,516] multiqc                                            [DEBUG  ]  File ignored by rseqc/read_distribution because it exceeded search pattern filesize limit: Z7_non_rRNA_fwd_fastqc.html
[2026-05-05 18:53:40,516] multiqc                                            [DEBUG  ]  File ignored by rseqc/infer_experiment because it exceeded search pattern filesize limit: Z7_non_rRNA_fwd_fastqc.html
[2026-05-05 18:53:40,675] multiqc                                            [DEBUG  ]  File ignored by hicexplorer because it exceeded search pattern filesize limit: In5_non_rRNA_fwd_fastqc.html
[2026-05-05 18:53:40,678] multiqc                                            [DEBUG  ]  File ignored by longranger/invocation because it exceeded search pattern filesize limit: In5_non_rRNA_fwd_fastqc.html
[2026-05-05 18:53:40,678] multiqc                                            [DEBUG  ]  File ignored by rockhopper because it exceeded search pattern filesize limit: In5_non_rRNA_fwd_fastqc.html
[2026-05-05 18:53:40,678] multiqc                                            [DEBUG  ]  File ignored by rseqc/bam_stat because it exceeded search pattern filesize limit: In5_non_rRNA_fwd_fastqc.html
[2026-05-05 18:53:40,678] multiqc                                            [DEBUG  ]  File ignored by rseqc/junction_annotation because it exceeded search pattern filesize limit: In5_non_rRNA_fwd_fastqc.html
[2026-05-05 18:53:40,679] multiqc                                            [DEBUG  ]  File ignored by rseqc/read_distribution because it exceeded search pattern filesize limit: In5_non_rRNA_fwd_fastqc.html
[2026-05-05 18:53:40,679] multiqc                                            [DEBUG  ]  File ignored by rseqc/infer_experiment because it exceeded search pattern filesize limit: In5_non_rRNA_fwd_fastqc.html
[2026-05-05 18:53:40,864] multiqc                                            [DEBUG  ]  File ignored by hicexplorer because it exceeded search pattern filesize limit: C12_non_rRNA_fwd_fastqc.html
[2026-05-05 18:53:40,867] multiqc                                            [DEBUG  ]  File ignored by longranger/invocation because it exceeded search pattern filesize limit: C12_non_rRNA_fwd_fastqc.html
[2026-05-05 18:53:40,867] multiqc                                            [DEBUG  ]  File ignored by rockhopper because it exceeded search pattern filesize limit: C12_non_rRNA_fwd_fastqc.html
[2026-05-05 18:53:40,867] multiqc                                            [DEBUG  ]  File ignored by rseqc/bam_stat because it exceeded search pattern filesize limit: C12_non_rRNA_fwd_fastqc.html
[2026-05-05 18:53:40,867] multiqc                                            [DEBUG  ]  File ignored by rseqc/junction_annotation because it exceeded search pattern filesize limit: C12_non_rRNA_fwd_fastqc.html
[2026-05-05 18:53:40,867] multiqc                                            [DEBUG  ]  File ignored by rseqc/read_distribution because it exceeded search pattern filesize limit: C12_non_rRNA_fwd_fastqc.html
[2026-05-05 18:53:40,867] multiqc                                            [DEBUG  ]  File ignored by rseqc/infer_experiment because it exceeded search pattern filesize limit: C12_non_rRNA_fwd_fastqc.html
[2026-05-05 18:53:41,020] multiqc                                            [DEBUG  ]  File ignored by hicexplorer because it exceeded search pattern filesize limit: Z11_non_rRNA_fwd_fastqc.html
[2026-05-05 18:53:41,022] multiqc                                            [DEBUG  ]  File ignored by longranger/invocation because it exceeded search pattern filesize limit: Z11_non_rRNA_fwd_fastqc.html
[2026-05-05 18:53:41,023] multiqc                                            [DEBUG  ]  File ignored by rockhopper because it exceeded search pattern filesize limit: Z11_non_rRNA_fwd_fastqc.html
[2026-05-05 18:53:41,023] multiqc                                            [DEBUG  ]  File ignored by rseqc/bam_stat because it exceeded search pattern filesize limit: Z11_non_rRNA_fwd_fastqc.html
[2026-05-05 18:53:41,023] multiqc                                            [DEBUG  ]  File ignored by rseqc/junction_annotation because it exceeded search pattern filesize limit: Z11_non_rRNA_fwd_fastqc.html
[2026-05-05 18:53:41,023] multiqc                                            [DEBUG  ]  File ignored by rseqc/read_distribution because it exceeded search pattern filesize limit: Z11_non_rRNA_fwd_fastqc.html
[2026-05-05 18:53:41,023] multiqc                                            [DEBUG  ]  File ignored by rseqc/infer_experiment because it exceeded search pattern filesize limit: Z11_non_rRNA_fwd_fastqc.html
[2026-05-05 18:53:41,195] multiqc                                            [DEBUG  ]  File ignored by hicexplorer because it exceeded search pattern filesize limit: Z10_non_rRNA_fwd_fastqc.html
[2026-05-05 18:53:41,198] multiqc                                            [DEBUG  ]  File ignored by longranger/invocation because it exceeded search pattern filesize limit: Z10_non_rRNA_fwd_fastqc.html
[2026-05-05 18:53:41,198] multiqc                                            [DEBUG  ]  File ignored by rockhopper because it exceeded search pattern filesize limit: Z10_non_rRNA_fwd_fastqc.html
[2026-05-05 18:53:41,198] multiqc                                            [DEBUG  ]  File ignored by rseqc/bam_stat because it exceeded search pattern filesize limit: Z10_non_rRNA_fwd_fastqc.html
[2026-05-05 18:53:41,198] multiqc                                            [DEBUG  ]  File ignored by rseqc/junction_annotation because it exceeded search pattern filesize limit: Z10_non_rRNA_fwd_fastqc.html
[2026-05-05 18:53:41,199] multiqc                                            [DEBUG  ]  File ignored by rseqc/read_distribution because it exceeded search pattern filesize limit: Z10_non_rRNA_fwd_fastqc.html
[2026-05-05 18:53:41,199] multiqc                                            [DEBUG  ]  File ignored by rseqc/infer_experiment because it exceeded search pattern filesize limit: Z10_non_rRNA_fwd_fastqc.html
[2026-05-05 18:53:41,325] multiqc                                            [DEBUG  ]  File ignored by hicexplorer because it exceeded search pattern filesize limit: C11_non_rRNA_fwd_fastqc.html
[2026-05-05 18:53:41,328] multiqc                                            [DEBUG  ]  File ignored by longranger/invocation because it exceeded search pattern filesize limit: C11_non_rRNA_fwd_fastqc.html
[2026-05-05 18:53:41,328] multiqc                                            [DEBUG  ]  File ignored by rockhopper because it exceeded search pattern filesize limit: C11_non_rRNA_fwd_fastqc.html
[2026-05-05 18:53:41,328] multiqc                                            [DEBUG  ]  File ignored by rseqc/bam_stat because it exceeded search pattern filesize limit: C11_non_rRNA_fwd_fastqc.html
[2026-05-05 18:53:41,328] multiqc                                            [DEBUG  ]  File ignored by rseqc/junction_annotation because it exceeded search pattern filesize limit: C11_non_rRNA_fwd_fastqc.html
[2026-05-05 18:53:41,328] multiqc                                            [DEBUG  ]  File ignored by rseqc/read_distribution because it exceeded search pattern filesize limit: C11_non_rRNA_fwd_fastqc.html
[2026-05-05 18:53:41,328] multiqc                                            [DEBUG  ]  File ignored by rseqc/infer_experiment because it exceeded search pattern filesize limit: C11_non_rRNA_fwd_fastqc.html
[2026-05-05 18:53:41,487] multiqc                                            [DEBUG  ]  File ignored by hicexplorer because it exceeded search pattern filesize limit: Z12_non_rRNA_fwd_fastqc.html
[2026-05-05 18:53:41,490] multiqc                                            [DEBUG  ]  File ignored by longranger/invocation because it exceeded search pattern filesize limit: Z12_non_rRNA_fwd_fastqc.html
[2026-05-05 18:53:41,490] multiqc                                            [DEBUG  ]  File ignored by rockhopper because it exceeded search pattern filesize limit: Z12_non_rRNA_fwd_fastqc.html
[2026-05-05 18:53:41,490] multiqc                                            [DEBUG  ]  File ignored by rseqc/bam_stat because it exceeded search pattern filesize limit: Z12_non_rRNA_fwd_fastqc.html
[2026-05-05 18:53:41,490] multiqc                                            [DEBUG  ]  File ignored by rseqc/junction_annotation because it exceeded search pattern filesize limit: Z12_non_rRNA_fwd_fastqc.html
[2026-05-05 18:53:41,490] multiqc                                            [DEBUG  ]  File ignored by rseqc/read_distribution because it exceeded search pattern filesize limit: Z12_non_rRNA_fwd_fastqc.html
[2026-05-05 18:53:41,490] multiqc                                            [DEBUG  ]  File ignored by rseqc/infer_experiment because it exceeded search pattern filesize limit: Z12_non_rRNA_fwd_fastqc.html
[2026-05-05 18:53:41,599] multiqc                                            [DEBUG  ]  File ignored by hicexplorer because it exceeded search pattern filesize limit: C10_non_rRNA_fwd_fastqc.html
[2026-05-05 18:53:41,603] multiqc                                            [DEBUG  ]  File ignored by longranger/invocation because it exceeded search pattern filesize limit: C10_non_rRNA_fwd_fastqc.html
[2026-05-05 18:53:41,603] multiqc                                            [DEBUG  ]  File ignored by rockhopper because it exceeded search pattern filesize limit: C10_non_rRNA_fwd_fastqc.html
[2026-05-05 18:53:41,603] multiqc                                            [DEBUG  ]  File ignored by rseqc/bam_stat because it exceeded search pattern filesize limit: C10_non_rRNA_fwd_fastqc.html
[2026-05-05 18:53:41,603] multiqc                                            [DEBUG  ]  File ignored by rseqc/junction_annotation because it exceeded search pattern filesize limit: C10_non_rRNA_fwd_fastqc.html
[2026-05-05 18:53:41,603] multiqc                                            [DEBUG  ]  File ignored by rseqc/read_distribution because it exceeded search pattern filesize limit: C10_non_rRNA_fwd_fastqc.html
[2026-05-05 18:53:41,603] multiqc                                            [DEBUG  ]  File ignored by rseqc/infer_experiment because it exceeded search pattern filesize limit: C10_non_rRNA_fwd_fastqc.html
[2026-05-05 18:53:41,805] multiqc                                            [DEBUG  ]  File ignored by hicexplorer because it exceeded search pattern filesize limit: In11_non_rRNA_fwd_fastqc.html
[2026-05-05 18:53:41,808] multiqc                                            [DEBUG  ]  File ignored by longranger/invocation because it exceeded search pattern filesize limit: In11_non_rRNA_fwd_fastqc.html
[2026-05-05 18:53:41,808] multiqc                                            [DEBUG  ]  File ignored by rockhopper because it exceeded search pattern filesize limit: In11_non_rRNA_fwd_fastqc.html
[2026-05-05 18:53:41,808] multiqc                                            [DEBUG  ]  File ignored by rseqc/bam_stat because it exceeded search pattern filesize limit: In11_non_rRNA_fwd_fastqc.html
[2026-05-05 18:53:41,809] multiqc                                            [DEBUG  ]  File ignored by rseqc/junction_annotation because it exceeded search pattern filesize limit: In11_non_rRNA_fwd_fastqc.html
[2026-05-05 18:53:41,809] multiqc                                            [DEBUG  ]  File ignored by rseqc/read_distribution because it exceeded search pattern filesize limit: In11_non_rRNA_fwd_fastqc.html
[2026-05-05 18:53:41,809] multiqc                                            [DEBUG  ]  File ignored by rseqc/infer_experiment because it exceeded search pattern filesize limit: In11_non_rRNA_fwd_fastqc.html
[2026-05-05 18:53:41,958] multiqc                                            [DEBUG  ]  File ignored by hicexplorer because it exceeded search pattern filesize limit: In10_non_rRNA_fwd_fastqc.html
[2026-05-05 18:53:41,961] multiqc                                            [DEBUG  ]  File ignored by longranger/invocation because it exceeded search pattern filesize limit: In10_non_rRNA_fwd_fastqc.html
[2026-05-05 18:53:41,961] multiqc                                            [DEBUG  ]  File ignored by rockhopper because it exceeded search pattern filesize limit: In10_non_rRNA_fwd_fastqc.html
[2026-05-05 18:53:41,961] multiqc                                            [DEBUG  ]  File ignored by rseqc/bam_stat because it exceeded search pattern filesize limit: In10_non_rRNA_fwd_fastqc.html
[2026-05-05 18:53:41,961] multiqc                                            [DEBUG  ]  File ignored by rseqc/junction_annotation because it exceeded search pattern filesize limit: In10_non_rRNA_fwd_fastqc.html
[2026-05-05 18:53:41,961] multiqc                                            [DEBUG  ]  File ignored by rseqc/read_distribution because it exceeded search pattern filesize limit: In10_non_rRNA_fwd_fastqc.html
[2026-05-05 18:53:41,961] multiqc                                            [DEBUG  ]  File ignored by rseqc/infer_experiment because it exceeded search pattern filesize limit: In10_non_rRNA_fwd_fastqc.html
[2026-05-05 18:53:42,096] multiqc                                            [DEBUG  ]  File ignored by hicexplorer because it exceeded search pattern filesize limit: In12_non_rRNA_fwd_fastqc.html
[2026-05-05 18:53:42,099] multiqc                                            [DEBUG  ]  File ignored by longranger/invocation because it exceeded search pattern filesize limit: In12_non_rRNA_fwd_fastqc.html
[2026-05-05 18:53:42,099] multiqc                                            [DEBUG  ]  File ignored by rockhopper because it exceeded search pattern filesize limit: In12_non_rRNA_fwd_fastqc.html
[2026-05-05 18:53:42,099] multiqc                                            [DEBUG  ]  File ignored by rseqc/bam_stat because it exceeded search pattern filesize limit: In12_non_rRNA_fwd_fastqc.html
[2026-05-05 18:53:42,100] multiqc                                            [DEBUG  ]  File ignored by rseqc/junction_annotation because it exceeded search pattern filesize limit: In12_non_rRNA_fwd_fastqc.html
[2026-05-05 18:53:42,100] multiqc                                            [DEBUG  ]  File ignored by rseqc/read_distribution because it exceeded search pattern filesize limit: In12_non_rRNA_fwd_fastqc.html
[2026-05-05 18:53:42,100] multiqc                                            [DEBUG  ]  File ignored by rseqc/infer_experiment because it exceeded search pattern filesize limit: In12_non_rRNA_fwd_fastqc.html
[2026-05-05 18:53:43,069] multiqc.plots.bargraph                             [DEBUG  ]  Using matplotlib version 3.2.1
[2026-05-05 18:53:43,078] multiqc.plots.linegraph                            [DEBUG  ]  Using matplotlib version 3.2.1
[2026-05-05 18:53:43,116] multiqc                                            [DEBUG  ]  No samples found: custom_content
[2026-05-05 18:53:43,128] multiqc                                            [DEBUG  ]  No samples found: conpair
[2026-05-05 18:53:43,138] multiqc                                            [DEBUG  ]  No samples found: peddy
[2026-05-05 18:53:43,153] multiqc                                            [DEBUG  ]  No samples found: somalier
[2026-05-05 18:53:43,160] multiqc                                            [DEBUG  ]  No samples found: methylQA
[2026-05-05 18:53:43,173] multiqc                                            [DEBUG  ]  No samples found: mosdepth
[2026-05-05 18:53:43,179] multiqc                                            [DEBUG  ]  No samples found: phantompeakqualtools
[2026-05-05 18:53:43,184] multiqc                                            [DEBUG  ]  No samples found: qualimap
[2026-05-05 18:53:43,191] multiqc                                            [DEBUG  ]  No samples found: preseq
[2026-05-05 18:53:43,198] multiqc                                            [DEBUG  ]  No samples found: quast
[2026-05-05 18:53:43,210] multiqc                                            [DEBUG  ]  No samples found: qorts
[2026-05-05 18:53:43,218] multiqc                                            [DEBUG  ]  No samples found: rna_seqc
[2026-05-05 18:53:43,224] multiqc                                            [DEBUG  ]  No samples found: rockhopper
[2026-05-05 18:53:43,232] multiqc                                            [DEBUG  ]  No samples found: rsem
[2026-05-05 18:53:43,248] multiqc                                            [DEBUG  ]  No samples found: rseqc
[2026-05-05 18:53:43,260] multiqc                                            [DEBUG  ]  No samples found: busco
[2026-05-05 18:53:43,269] multiqc                                            [DEBUG  ]  No samples found: goleft_indexcov
[2026-05-05 18:53:43,276] multiqc                                            [DEBUG  ]  No samples found: disambiguate
[2026-05-05 18:53:43,293] multiqc                                            [DEBUG  ]  No samples found: supernova
[2026-05-05 18:53:43,343] multiqc                                            [DEBUG  ]  No samples found: deeptools
[2026-05-05 18:53:43,350] multiqc                                            [DEBUG  ]  No samples found: sargasso
[2026-05-05 18:53:43,358] multiqc                                            [DEBUG  ]  No samples found: verifybamid
[2026-05-05 18:53:43,365] multiqc                                            [DEBUG  ]  No samples found: mirtrace
[2026-05-05 18:53:43,373] multiqc                                            [DEBUG  ]  No samples found: happy
[2026-05-05 18:53:43,380] multiqc                                            [DEBUG  ]  No samples found: mirtop
[2026-05-05 18:53:43,391] multiqc                                            [DEBUG  ]  No samples found: homer
[2026-05-05 18:53:43,397] multiqc                                            [DEBUG  ]  No samples found: macs2
[2026-05-05 18:53:43,437] multiqc                                            [DEBUG  ]  No samples found: theta2
[2026-05-05 18:53:43,444] multiqc                                            [DEBUG  ]  No samples found: snpeff
[2026-05-05 18:53:43,514] multiqc                                            [DEBUG  ]  No samples found: gatk
[2026-05-05 18:53:43,521] multiqc                                            [DEBUG  ]  No samples found: htseq
[2026-05-05 18:53:43,529] multiqc                                            [DEBUG  ]  No samples found: bcftools
[2026-05-05 18:53:43,537] multiqc                                            [DEBUG  ]  No samples found: featureCounts
[2026-05-05 18:53:43,546] multiqc                                            [DEBUG  ]  No samples found: fgbio
[2026-05-05 18:53:43,595] multiqc                                            [DEBUG  ]  No samples found: dragen
[2026-05-05 18:53:43,603] multiqc                                            [DEBUG  ]  No samples found: dedup
[2026-05-05 18:53:43,610] multiqc                                            [DEBUG  ]  No samples found: damageprofiler
[2026-05-05 18:53:43,680] multiqc                                            [DEBUG  ]  No samples found: biobambam2
[2026-05-05 18:53:43,686] multiqc                                            [DEBUG  ]  No samples found: mtnucratio
[2026-05-05 18:53:43,690] multiqc                                            [DEBUG  ]  No samples found: picard
[2026-05-05 18:53:43,701] multiqc                                            [DEBUG  ]  No samples found: prokka
[2026-05-05 18:53:43,709] multiqc                                            [DEBUG  ]  No samples found: samblaster
[2026-05-05 18:53:43,722] multiqc                                            [DEBUG  ]  No samples found: samtools
[2026-05-05 18:53:43,763] multiqc                                            [DEBUG  ]  No samples found: sexdeterrmine
[2026-05-05 18:53:43,772] multiqc                                            [DEBUG  ]  No samples found: bamtools
[2026-05-05 18:53:43,778] multiqc                                            [DEBUG  ]  No samples found: jellyfish
[2026-05-05 18:53:43,818] multiqc                                            [DEBUG  ]  No samples found: vcftools
[2026-05-05 18:53:43,848] multiqc                                            [DEBUG  ]  No samples found: longranger
[2026-05-05 18:53:43,865] multiqc                                            [DEBUG  ]  No samples found: stacks
[2026-05-05 18:53:43,872] multiqc                                            [DEBUG  ]  No samples found: varscan2
[2026-05-05 18:53:43,922] multiqc                                            [DEBUG  ]  No samples found: bbmap
[2026-05-05 18:53:43,928] multiqc                                            [DEBUG  ]  No samples found: bismark
[2026-05-05 18:53:43,935] multiqc                                            [DEBUG  ]  No samples found: biscuit
[2026-05-05 18:53:43,961] multiqc                                            [DEBUG  ]  No samples found: hicexplorer
[2026-05-05 18:53:43,974] multiqc                                            [DEBUG  ]  No samples found: hicup
[2026-05-05 18:53:43,981] multiqc                                            [DEBUG  ]  No samples found: hicpro
[2026-05-05 18:53:43,988] multiqc                                            [DEBUG  ]  No samples found: salmon
[2026-05-05 18:53:43,995] multiqc                                            [DEBUG  ]  No samples found: kallisto
[2026-05-05 18:53:44,001] multiqc                                            [DEBUG  ]  No samples found: slamdunk
[2026-05-05 18:53:44,028] multiqc                                            [DEBUG  ]  No samples found: star
[2026-05-05 18:53:44,035] multiqc                                            [DEBUG  ]  No samples found: hisat2
[2026-05-05 18:53:44,041] multiqc                                            [DEBUG  ]  No samples found: tophat
[2026-05-05 18:53:44,053] multiqc                                            [DEBUG  ]  No samples found: bowtie2
[2026-05-05 18:53:44,060] multiqc                                            [DEBUG  ]  No samples found: bowtie1
[2026-05-05 18:53:44,066] multiqc                                            [DEBUG  ]  No samples found: snpsplit
[2026-05-05 18:53:44,072] multiqc                                            [DEBUG  ]  No samples found: kat
[2026-05-05 18:53:44,079] multiqc                                            [DEBUG  ]  No samples found: leehom
[2026-05-05 18:53:44,085] multiqc                                            [DEBUG  ]  No samples found: adapterRemoval
[2026-05-05 18:53:44,092] multiqc                                            [DEBUG  ]  No samples found: clipandmerge
[2026-05-05 18:53:44,099] multiqc                                            [DEBUG  ]  No samples found: cutadapt
[2026-05-05 18:53:44,145] multiqc                                            [DEBUG  ]  No samples found: flexbar
[2026-05-05 18:53:44,156] multiqc                                            [DEBUG  ]  No samples found: kaiju
[2026-05-05 18:53:44,204] multiqc                                            [DEBUG  ]  No samples found: kraken
[2026-05-05 18:53:44,223] multiqc                                            [DEBUG  ]  No samples found: malt
[2026-05-05 18:53:44,289] multiqc                                            [DEBUG  ]  No samples found: trimmomatic
[2026-05-05 18:53:44,312] multiqc                                            [DEBUG  ]  No samples found: sickle
[2026-05-05 18:53:44,319] multiqc                                            [DEBUG  ]  No samples found: skewer
[2026-05-05 18:53:44,332] multiqc                                            [DEBUG  ]  No samples found: sortmerna
[2026-05-05 18:53:44,355] multiqc                                            [DEBUG  ]  No samples found: biobloomtools
[2026-05-05 18:53:44,363] multiqc                                            [DEBUG  ]  No samples found: fastq_screen
[2026-05-05 18:53:44,372] multiqc                                            [DEBUG  ]  No samples found: afterqc
[2026-05-05 18:53:44,380] multiqc                                            [DEBUG  ]  No samples found: fastp
[2026-05-05 18:53:52,728] multiqc.modules.fastqc.fastqc                      [INFO   ]  Found 36 reports
[2026-05-05 18:53:53,218] multiqc                                            [DEBUG  ]  No samples found: pycoqc
[2026-05-05 18:53:53,224] multiqc                                            [DEBUG  ]  No samples found: minionqc
[2026-05-05 18:53:53,231] multiqc                                            [DEBUG  ]  No samples found: multivcfanalyzer
[2026-05-05 18:53:53,242] multiqc                                            [DEBUG  ]  No samples found: clusterflow
[2026-05-05 18:53:53,249] multiqc                                            [DEBUG  ]  No samples found: bcl2fastq
[2026-05-05 18:53:53,256] multiqc                                            [DEBUG  ]  No samples found: interop
[2026-05-05 18:53:53,262] multiqc                                            [DEBUG  ]  No samples found: ivar
[2026-05-05 18:53:53,268] multiqc                                            [DEBUG  ]  No samples found: flash
[2026-05-05 18:53:53,276] multiqc                                            [DEBUG  ]  No samples found: seqyclean
[2026-05-05 18:53:53,348] multiqc                                            [INFO   ]  Compressing plot data
[2026-05-05 18:53:54,176] multiqc                                            [INFO   ]  Report      : ../../data/multiQC/sortmeRNA/multiqc_report.html
[2026-05-05 18:53:54,176] multiqc                                            [INFO   ]  Data        : ../../data/multiQC/sortmeRNA/multiqc_data
[2026-05-05 18:53:54,177] multiqc                                            [DEBUG  ]  Moving data file from '/localscratch/tmp/alicebalard/tmp.25609911.0/tmpjw5y06yp/multiqc_data' to '/home/alicebalard/Scripts/AliceScripts/cyanochytridMET/data/multiQC/sortmeRNA/multiqc_data'
[2026-05-05 18:53:54,426] multiqc                                            [INFO   ]  MultiQC complete
